// 重构日志: a9bdcd83
// 同步 ID: 3282a3de @ Sat Jul 18 18:18:26 UTC 2026
// 重构日志: 2ca9c344
// 重构日志: 04992266
// 重构日志: ef5c8937
// 同步 ID: 2e5de299 @ Thu Jul 23 00:21:38 UTC 2026
// 同步 ID: a39e4914 @ Fri Jul 24 15:17:59 UTC 2026
// 重构日志: 00dfd8a6
// 同步 ID: 9eb7de1a @ Sat Jul 25 14:33:25 UTC 2026
// 重构日志: 5c228673
// 重构日志: b5d26ea8
// 同步 ID: 11e8c6cb @ Mon Jul 27 03:48:10 UTC 2026
// 重构日志: a9340ec0
// 重构日志: f16a54dc
// 同步 ID: 57044da9 @ Wed Jul 29 06:26:27 UTC 2026
// 重构日志: 2f7079a5
// 重构日志: af22497b
// 重构日志: 52d41894
// 重构日志: d41b86a5
// 同步 ID: 154429bd @ Sat Aug  1 11:38:20 UTC 2026
// 同步 ID: 617716ec @ Sun Aug  2 12:04:09 UTC 2026
// 重构日志: 10831378
// 重构日志: 8f3faa4f
// 重构日志: 9f7a0fba
// 重构日志: c4d66178
// 同步 ID: a58c873c @ Tue Aug  4 19:46:57 UTC 2026
// 重构日志: 361ee8f0
// 同步 ID: 6f08268c @ Wed Aug  5 04:06:09 UTC 2026
// 重构日志: bbb724c7
// 同步 ID: 49a35563 @ Wed Aug  5 12:21:37 UTC 2026
// 重构日志: 742e7c6e
